// Jest Snapshot v1, https://goo.gl/fbAQLP

exports[`Test react components Companies component renders correctly 1`] = `null`;

exports[`Test react components Company component renders correctly 1`] = `
<div
  className="company-container"
>
  <a
    href="/company/undefined"
    onClick={[Function]}
  >
    <svg
      className="chev-right"
      fill="currentColor"
      height="1em"
      stroke="currentColor"
      strokeWidth="0"
      style={
        Object {
          "color": undefined,
        }
      }
      viewBox="0 0 16 16"
      width="1em"
      xmlns="http://www.w3.org/2000/svg"
    >
      <path
        d="M4.646 1.646a.5.5 0 0 1 .708 0l6 6a.5.5 0 0 1 0 .708l-6 6a.5.5 0 0 1-.708-.708L10.293 8 4.646 2.354a.5.5 0 0 1 0-.708z"
        fillRule="evenodd"
      />
    </svg>
  </a>
  <div
    className="company"
  >
    <h5 />
    <h3 />
    <p />
  </div>
</div>
`;

exports[`Test react components Header component renders correctly 1`] = `
<div>
  <nav>
    <a
      className="homepage"
      href="/"
      onClick={[Function]}
    >
      Homepage
    </a>
  </nav>
</div>
`;

exports[`Test react components SingleCompany component renders correctly 1`] = `null`;
